<h1>hello world</h1><p>This is description</p>Tags: <ul><li>go</li><li>tdd</li></ul><h1>hello world</h1>

<p>This is description</p>

Tags: <ul><li>go</li><li>tdd</li></ul>